Registering...
Register Status: 500 { message: 'Server error' }
Logging in...
Login Status: 400
node : Login failed: 
{ message: 'Invalid 
credentials' }
At line:1 char:1
+ node test_upload.js 
> test_output.txt 2>&1
+ ~~~~~~~~~~~~~~~~~~~~
~~~~~~~~~~~~~~~~~~~~~~
    + CategoryInfo    
          : NotSpeci  
  fied: (Login fail   
 ed: {... credenti    
als' }:String) []    
, RemoteException
    + FullyQualifiedE 
   rrorId : NativeCo  
  mmandError
 
